============================= test session starts ==============================
platform darwin -- Python 3.13.12, pytest-9.1.1, pluggy-1.6.0
rootdir: /Users/sahilmangla/atlas
configfile: pyproject.toml
plugins: cov-7.1.0
collected 4 items

tests/test_atlas/test_project_commands.py EEEE                           [100%]

==================================== ERRORS ====================================
________________ ERROR at setup of test_create_and_load_project ________________

tmp_path = PosixPath('/private/var/folders/tn/1637cdt96m9blxy72csfyvfw0000gn/T/pytest-of-sahilmangla/pytest-43/test_create_and_load_project0')

    @pytest.fixture
    def test_atlas_platform(tmp_path: Path) -> Atlas:
        """Construct an Atlas platform backed by temporary filesystem repositories.
    
        This acts as a test-specific version of Bootstrap that does not rely
        on environment variables or the real filesystem workspace.
        """
        workspace_root = tmp_path / "workspace"
        workspace_root.mkdir()
    
        project_repo = FilesystemProjectRepository(workspace_root)
        workflow_repo = FilesystemWorkflowRepository(project_repo)
    
        project_creation_service = ProjectCreationService(project_repo)
        project_loading_service = ProjectLoadingService(project_repo)
        project_listing_service = ProjectRegistryService(project_repo)
        project_archive_service = ProjectLifecycleService(project_repo)
    
        provider = MockAIProvider(stubbed_response="{}")
        research_repo = FilesystemResearchRepository(project_repo)
        planning_repo = FilesystemPlanningRepository(project_repo)
        architecture_repo = FilesystemArchitectureRepository(project_repo)
        evaluation_repo = FilesystemEvaluationRepository(project_repo)
        memory_repo = FilesystemMemoryRepository(project_repo)
    
        context_assembler = ContextAssemblerService(
            research_repo=research_repo,
            planning_repo=planning_repo,
            architecture_repo=architecture_repo,
            evaluation_repo=evaluation_repo,
            memory_repo=memory_repo,
        )
    
>       commit_service = ProposalCommitService(project_repo)
                         ^^^^^^^^^^^^^^^^^^^^^^^^^^^^^^^^^^^
E       TypeError: ProposalCommitService.__init__() missing 11 required positional arguments: 'planning_repo', 'architecture_repo', 'evaluation_repo', 'research_transformer', 'planning_transformer', 'architecture_transformer', 'evaluation_transformer', 'research_validator', 'planning_validator', 'architecture_validator', and 'evaluation_validator'

tests/test_atlas/conftest.py:75: TypeError
_____________________ ERROR at setup of test_list_projects _____________________

tmp_path = PosixPath('/private/var/folders/tn/1637cdt96m9blxy72csfyvfw0000gn/T/pytest-of-sahilmangla/pytest-43/test_list_projects0')

    @pytest.fixture
    def test_atlas_platform(tmp_path: Path) -> Atlas:
        """Construct an Atlas platform backed by temporary filesystem repositories.
    
        This acts as a test-specific version of Bootstrap that does not rely
        on environment variables or the real filesystem workspace.
        """
        workspace_root = tmp_path / "workspace"
        workspace_root.mkdir()
    
        project_repo = FilesystemProjectRepository(workspace_root)
        workflow_repo = FilesystemWorkflowRepository(project_repo)
    
        project_creation_service = ProjectCreationService(project_repo)
        project_loading_service = ProjectLoadingService(project_repo)
        project_listing_service = ProjectRegistryService(project_repo)
        project_archive_service = ProjectLifecycleService(project_repo)
    
        provider = MockAIProvider(stubbed_response="{}")
        research_repo = FilesystemResearchRepository(project_repo)
        planning_repo = FilesystemPlanningRepository(project_repo)
        architecture_repo = FilesystemArchitectureRepository(project_repo)
        evaluation_repo = FilesystemEvaluationRepository(project_repo)
        memory_repo = FilesystemMemoryRepository(project_repo)
    
        context_assembler = ContextAssemblerService(
            research_repo=research_repo,
            planning_repo=planning_repo,
            architecture_repo=architecture_repo,
            evaluation_repo=evaluation_repo,
            memory_repo=memory_repo,
        )
    
>       commit_service = ProposalCommitService(project_repo)
                         ^^^^^^^^^^^^^^^^^^^^^^^^^^^^^^^^^^^
E       TypeError: ProposalCommitService.__init__() missing 11 required positional arguments: 'planning_repo', 'architecture_repo', 'evaluation_repo', 'research_transformer', 'planning_transformer', 'architecture_transformer', 'evaluation_transformer', 'research_validator', 'planning_validator', 'architecture_validator', and 'evaluation_validator'

tests/test_atlas/conftest.py:75: TypeError
____________________ ERROR at setup of test_archive_project ____________________

tmp_path = PosixPath('/private/var/folders/tn/1637cdt96m9blxy72csfyvfw0000gn/T/pytest-of-sahilmangla/pytest-43/test_archive_project0')

    @pytest.fixture
    def test_atlas_platform(tmp_path: Path) -> Atlas:
        """Construct an Atlas platform backed by temporary filesystem repositories.
    
        This acts as a test-specific version of Bootstrap that does not rely
        on environment variables or the real filesystem workspace.
        """
        workspace_root = tmp_path / "workspace"
        workspace_root.mkdir()
    
        project_repo = FilesystemProjectRepository(workspace_root)
        workflow_repo = FilesystemWorkflowRepository(project_repo)
    
        project_creation_service = ProjectCreationService(project_repo)
        project_loading_service = ProjectLoadingService(project_repo)
        project_listing_service = ProjectRegistryService(project_repo)
        project_archive_service = ProjectLifecycleService(project_repo)
    
        provider = MockAIProvider(stubbed_response="{}")
        research_repo = FilesystemResearchRepository(project_repo)
        planning_repo = FilesystemPlanningRepository(project_repo)
        architecture_repo = FilesystemArchitectureRepository(project_repo)
        evaluation_repo = FilesystemEvaluationRepository(project_repo)
        memory_repo = FilesystemMemoryRepository(project_repo)
    
        context_assembler = ContextAssemblerService(
            research_repo=research_repo,
            planning_repo=planning_repo,
            architecture_repo=architecture_repo,
            evaluation_repo=evaluation_repo,
            memory_repo=memory_repo,
        )
    
>       commit_service = ProposalCommitService(project_repo)
                         ^^^^^^^^^^^^^^^^^^^^^^^^^^^^^^^^^^^
E       TypeError: ProposalCommitService.__init__() missing 11 required positional arguments: 'planning_repo', 'architecture_repo', 'evaluation_repo', 'research_transformer', 'planning_transformer', 'architecture_transformer', 'evaluation_transformer', 'research_validator', 'planning_validator', 'architecture_validator', and 'evaluation_validator'

tests/test_atlas/conftest.py:75: TypeError
_______________ ERROR at setup of test_load_nonexistent_project ________________

tmp_path = PosixPath('/private/var/folders/tn/1637cdt96m9blxy72csfyvfw0000gn/T/pytest-of-sahilmangla/pytest-43/test_load_nonexistent_project0')

    @pytest.fixture
    def test_atlas_platform(tmp_path: Path) -> Atlas:
        """Construct an Atlas platform backed by temporary filesystem repositories.
    
        This acts as a test-specific version of Bootstrap that does not rely
        on environment variables or the real filesystem workspace.
        """
        workspace_root = tmp_path / "workspace"
        workspace_root.mkdir()
    
        project_repo = FilesystemProjectRepository(workspace_root)
        workflow_repo = FilesystemWorkflowRepository(project_repo)
    
        project_creation_service = ProjectCreationService(project_repo)
        project_loading_service = ProjectLoadingService(project_repo)
        project_listing_service = ProjectRegistryService(project_repo)
        project_archive_service = ProjectLifecycleService(project_repo)
    
        provider = MockAIProvider(stubbed_response="{}")
        research_repo = FilesystemResearchRepository(project_repo)
        planning_repo = FilesystemPlanningRepository(project_repo)
        architecture_repo = FilesystemArchitectureRepository(project_repo)
        evaluation_repo = FilesystemEvaluationRepository(project_repo)
        memory_repo = FilesystemMemoryRepository(project_repo)
    
        context_assembler = ContextAssemblerService(
            research_repo=research_repo,
            planning_repo=planning_repo,
            architecture_repo=architecture_repo,
            evaluation_repo=evaluation_repo,
            memory_repo=memory_repo,
        )
    
>       commit_service = ProposalCommitService(project_repo)
                         ^^^^^^^^^^^^^^^^^^^^^^^^^^^^^^^^^^^
E       TypeError: ProposalCommitService.__init__() missing 11 required positional arguments: 'planning_repo', 'architecture_repo', 'evaluation_repo', 'research_transformer', 'planning_transformer', 'architecture_transformer', 'evaluation_transformer', 'research_validator', 'planning_validator', 'architecture_validator', and 'evaluation_validator'

tests/test_atlas/conftest.py:75: TypeError
================================ tests coverage ================================
______________ coverage: platform darwin, python 3.13.12-final-0 _______________

Name                                         Stmts   Miss  Cover   Missing
--------------------------------------------------------------------------
engine/__init__.py                               0      0   100%
engine/ai/__init__.py                            3      0   100%
engine/ai/adapters/__init__.py                   0      0   100%
engine/ai/adapters/gemini.py                    13      6    54%   18, 26-38, 42
engine/ai/context.py                             9      2    78%   21, 33
engine/ai/engineering_services.py              226    164    27%   72, 77-91, 96-104, 109-112, 119-122, 137, 150-155, 159-224, 238-244, 247-296, 309-314, 317-355, 368-373, 376-404, 421-424, 432-450, 465, 479, 493, 507, 539-550, 559-607
engine/ai/exceptions.py                          6      0   100%
engine/ai/fs_repository.py                      56     56     0%   3-95
engine/ai/prompts.py                            72     23    68%   23, 29, 42, 49, 56, 60, 63, 74, 81, 85, 88, 99, 106, 110, 113, 124, 131, 135, 138, 149, 156, 160, 163
engine/ai/provider.py                            9      2    78%   24, 29
engine/ai/repository.py                         13      3    77%   19, 31, 43
engine/ai/serializers.py                         6      6     0%   3-15
engine/ai/services.py                           53     28    47%   49-80, 98-99, 118-139
engine/ai/unit_of_work.py                       24     17    29%   16-18, 22-26, 30-41
engine/architecture/__init__.py                  4      0   100%
engine/architecture/exceptions.py                4      0   100%
engine/architecture/fs_repository.py            52     35    33%   50-51, 60-74, 87-104, 110-113, 117-120
engine/architecture/repository.py               13      3    77%   19, 31, 43
engine/architecture/serializers.py               6      2    67%   10, 15
engine/architecture/services.py                309    269    13%   33-34, 49-52, 61-105, 117-119, 122-127, 136-160, 169-193, 198-210, 222-266, 278-280, 302-389, 396, 406-419, 425-466, 471-485, 490-504, 511, 523-541, 548, 561-583, 595-597, 600-609, 619-674
engine/config.py                                16      1    94%   58
engine/domain/__init__.py                       18      0   100%
engine/domain/ai.py                             49      0   100%
engine/domain/ai_drafts.py                      93      0   100%
engine/domain/ai_feedback.py                     8      0   100%
engine/domain/architecture.py                  105      0   100%
engine/domain/conversation.py                   21      0   100%
engine/domain/engineering_specification.py      11      0   100%
engine/domain/enums.py                          89      0   100%
engine/domain/evaluation.py                     50      0   100%
engine/domain/memory.py                         38     12    68%   93, 97, 109-126
engine/domain/metadata.py                       15      0   100%
engine/domain/planning.py                       62      0   100%
engine/domain/project.py                        20      0   100%
engine/domain/research.py                       71      0   100%
engine/domain/review.py                          7      0   100%
engine/domain/roadmap.py                         0      0   100%
engine/domain/traceability.py                    5      0   100%
engine/domain/vocabulary.py                      0      0   100%
engine/domain/workflow.py                       51     14    73%   119, 132-148
engine/domain/workspace.py                      11      0   100%
engine/evaluation/__init__.py                    4      0   100%
engine/evaluation/exceptions.py                  4      0   100%
engine/evaluation/fs_repository.py              52     35    33%   50-51, 60-74, 87-104, 110-113, 117-120
engine/evaluation/repository.py                 13      3    77%   19, 31, 43
engine/evaluation/serializers.py                 6      2    67%   10, 15
engine/evaluation/services.py                  218    181    17%   33-34, 50-54, 64-103, 116-119, 123-226, 239-242, 246-298, 309-310, 314-342, 353-354, 358-387, 398-399, 403-431, 438, 443-451, 458, 461-470, 474-525
engine/memory/__init__.py                        6      0   100%
engine/memory/exceptions.py                      3      0   100%
engine/memory/fs_repository.py                  43     29    33%   26-36, 42-58, 64-69
engine/memory/repository.py                     10      0   100%
engine/memory/serializers.py                    12      5    58%   11, 35, 55, 64-65
engine/memory/services.py                       59     40    32%   15, 29-35, 42, 61-70, 77, 91-96, 111-131, 138, 152-158, 176-177
engine/planning/__init__.py                      4      0   100%
engine/planning/exceptions.py                    4      0   100%
engine/planning/fs_repository.py                52     35    33%   51-52, 61-75, 89-106, 112-115, 119-122
engine/planning/repository.py                   13      3    77%   15, 20, 25
engine/planning/serializers.py                   6      2    67%   10, 15
engine/planning/services.py                    207    174    16%   34-35, 41-61, 66-67, 74-75, 84, 93-105, 112, 117-125, 130-142, 145-154, 161, 172-193, 204-226, 229-247, 254, 257-282, 290-325, 332, 336-344, 350-383
engine/project/__init__.py                       5      0   100%
engine/project/exceptions.py                     5      0   100%
engine/project/fs_repository.py                 89     65    27%   40, 43-51, 55-57, 71-80, 91-97, 110, 121-148, 159-174, 182-188, 202-207
engine/project/repository.py                    13      0   100%
engine/project/services.py                      78     52    33%   44-61, 82-87, 102, 118-129, 141-153, 173-194, 206-213
engine/research/__init__.py                      4      0   100%
engine/research/exceptions.py                    4      0   100%
engine/research/fs_repository.py                52     35    33%   51-52, 61-75, 89-106, 112-115, 119-122
engine/research/repository.py                   13      3    77%   15, 20, 25
engine/research/serializers.py                   6      2    67%   10, 15
engine/research/services.py                    106     81    24%   30, 36-50, 57, 60-61, 69-78, 93-111, 118, 124-141, 151-160, 166-173, 180, 186-203, 210, 220-254
engine/workflow/__init__.py                      6      0   100%
engine/workflow/exceptions.py                    3      0   100%
engine/workflow/fs_repository.py                46     32    30%   28-44, 50-65, 71-76
engine/workflow/orchestration.py               102     55    46%   58, 65, 70, 74, 79, 84, 88, 93, 98, 102, 107, 112, 116, 121, 140, 148-151, 173-177, 188-195, 210-272
engine/workflow/repository.py                   10      0   100%
engine/workflow/serializers.py                  17      7    59%   12, 25-26, 39, 50, 61, 77
engine/workflow/services.py                     77     53    31%   63, 76-85, 92, 106-114, 126-135, 147, 158-179, 231, 257-294, 301, 312-319
interfaces/__init__.py                           0      0   100%
shared/__init__.py                               0      0   100%
--------------------------------------------------------------------------
TOTAL                                         2970   1537    48%
Coverage XML written to file coverage.xml
=========================== short test summary info ============================
ERROR tests/test_atlas/test_project_commands.py::test_create_and_load_project
ERROR tests/test_atlas/test_project_commands.py::test_list_projects - TypeErr...
ERROR tests/test_atlas/test_project_commands.py::test_archive_project - TypeE...
ERROR tests/test_atlas/test_project_commands.py::test_load_nonexistent_project
============================== 4 errors in 0.34s ===============================
